{"meta":{"T":"Come, Thou Long Expected Jesus","comment":"Lyrics: Charles Wesley, 1744\nTune: \"Hyfrydol;\" Rowland H. Prichard, 1830"},"paragraphs":[{"type":"default","lines":[{"text":"Come, thou long expected Jesus,","chords":{"0":"E","18":"A/E","25":"B/E"}},{"text":"Born to set Thy people free;","chords":{"0":"E","16":"A/E","19":"B/E","23":"E"}},{"text":"From our fears and sins release us;","chords":{"0":"E","19":"A/E","26":"B/E"}},{"text":"Let us find our rest in Thee.","chords":{"0":"E","16":"A","21":"B","24":"E"}},{"text":"Israel's strength and consolation,","chords":{"0":"C#","9":"E/G#","22":"A","28":"B"}},{"text":"Hope of all the earth Thou art;","chords":{"0":"E","8":"C#","16":"A","27":"B"}},{"text":"Dear Desire of every nation,","chords":{"0":"E","21":"B","24":"B/A"}},{"text":"Joy of every longing heart.","chords":{"0":"E/G#","7":"A","13":"Bsus","17":"B","21":"E"}}]},{"type":"default","lines":[{"text":"Born Thy people to deliver,","chords":{}},{"text":"Born a child and yet a king.","chords":{}},{"text":"Born to reign in us forever,","chords":{}},{"text":"Now Thy gracious kingdom bring.","chords":{}},{"text":"By Thine own eternal Spirit","chords":{}},{"text":"Rule in all our hearts alone;","chords":{}},{"text":"By Thine all sufficient merit,","chords":{}},{"text":"Raise us to Thy glorious throne.","chords":{}}]}]}